[themepure.net/template/educal/educal/index.html]
[backblue.gif]
[fade.gif]
[index.html]
[themepure.net/template/educal/educal/assets/img/favicon.png]
[themepure.net/template/educal/educal/assets/css/preloader.css]
[themepure.net/template/educal/educal/assets/css/bootstrap.min.css]
[themepure.net/template/educal/educal/assets/css/meanmenu.css]
[themepure.net/template/educal/educal/assets/css/animate.min.css]
[themepure.net/template/educal/educal/assets/css/owl.carousel.min.css]
[themepure.net/template/educal/educal/assets/css/swiper-bundle.css]
[themepure.net/template/educal/educal/assets/css/backToTop.css]
[themepure.net/template/educal/educal/assets/css/jquery.fancybox.min.css]
[themepure.net/template/educal/educal/assets/css/fontAwesome5Pro.css]
[themepure.net/template/educal/educal/assets/css/elegantFont.css]
[themepure.net/template/educal/educal/assets/css/default.css]
[themepure.net/template/educal/educal/assets/css/style.css]
[themepure.net/template/educal/educal/assets/img/logo/logo-text-2.png]
[themepure.net/template/educal/educal/assets/img/logo/logo-icon.png]
[themepure.net/template/educal/educal/assets/img/logo/logo.png]
[themepure.net/template/educal/educal/course-grid.html]
[themepure.net/template/educal/educal/course-details.html]
[themepure.net/template/educal/educal/index-2.html]
[themepure.net/template/educal/educal/index-3.html]
[themepure.net/template/educal/educal/course-sidebar.html]
[themepure.net/template/educal/educal/course-list.html]
[themepure.net/template/educal/educal/blog.html]
[themepure.net/template/educal/educal/blog-details.html]
[themepure.net/template/educal/educal/about.html]
[themepure.net/template/educal/educal/instructor.html]
[themepure.net/template/educal/educal/instructor-details.html]
[themepure.net/template/educal/educal/event-details.html]
[themepure.net/template/educal/educal/cart.html]
[themepure.net/template/educal/educal/wishlist.html]
[themepure.net/template/educal/educal/checkout.html]
[themepure.net/template/educal/educal/sign-in.html]
[themepure.net/template/educal/educal/sign-up.html]
[themepure.net/template/educal/educal/error.html]
[themepure.net/template/educal/educal/contact.html]
[themepure.net/template/educal/educal/assets/img/course/sm/cart-1.jpg]
[themepure.net/template/educal/educal/assets/img/course/sm/cart-2.jpg]
[themepure.net/template/educal/educal/assets/img/course/sm/cart-3.jpg]
[themepure.net/template/educal/educal/assets/img/shape/hero/hero-1-circle.png]
[themepure.net/template/educal/educal/assets/img/shape/hero/hero-1-circle-2.png]
[themepure.net/template/educal/educal/assets/img/shape/hero/hero-1-dot-2.png]
[themepure.net/template/educal/educal/assets/img/shape/yellow-bg.png]
[themepure.net/template/educal/educal/assets/img/shape/hero/hero-1-dot.png]
[themepure.net/template/educal/educal/assets/img/shape/hero/hero-1-circle-3.png]
[themepure.net/template/educal/educal/assets/img/shape/hero/hero-1-circle-4.png]
[themepure.net/template/educal/educal/assets/img/hero/hero-1.jpg]
[themepure.net/template/educal/educal/assets/img/hero/hero-sm-1.jpg]
[themepure.net/template/educal/educal/assets/img/shape/yellow-bg-2.png]
[themepure.net/template/educal/educal/assets/img/banner/banner-bg-1.jpg]
[themepure.net/template/educal/educal/assets/img/banner/banner-img-1.png]
[themepure.net/template/educal/educal/assets/img/banner/banner-bg-2.jpg]
[themepure.net/template/educal/educal/assets/img/banner/banner-img-2.png]
[themepure.net/template/educal/educal/assets/img/course/course-1.jpg]
[themepure.net/template/educal/educal/assets/img/course/teacher/teacher-1.jpg]
[themepure.net/template/educal/educal/assets/img/course/course-2.jpg]
[themepure.net/template/educal/educal/assets/img/course/teacher/teacher-2.jpg]
[themepure.net/template/educal/educal/assets/img/course/course-3.jpg]
[themepure.net/template/educal/educal/assets/img/course/teacher/teacher-3.jpg]
[themepure.net/template/educal/educal/assets/img/course/course-4.jpg]
[themepure.net/template/educal/educal/assets/img/course/teacher/teacher-4.jpg]
[themepure.net/template/educal/educal/assets/img/course/course-5.jpg]
[themepure.net/template/educal/educal/assets/img/course/teacher/teacher-5.jpg]
[themepure.net/template/educal/educal/assets/img/course/course-6.jpg]
[themepure.net/template/educal/educal/assets/img/course/teacher/teacher-6.jpg]
[themepure.net/template/educal/educal/assets/img/events/events-shape.png]
[themepure.net/template/educal/educal/assets/img/cta/cta-shape.png]
[themepure.net/template/educal/educal/assets/img/logo/logo-2.png]
[themepure.net/template/educal/educal/assets/js/vendor/jquery-3.5.1.min.js]
[themepure.net/template/educal/educal/assets/js/vendor/waypoints.min.js]
[themepure.net/template/educal/educal/assets/js/bootstrap.bundle.min.js]
[themepure.net/template/educal/educal/assets/js/jquery.meanmenu.js]
[themepure.net/template/educal/educal/assets/js/swiper-bundle.min.js]
[themepure.net/template/educal/educal/assets/js/owl.carousel.min.js]
[themepure.net/template/educal/educal/assets/js/jquery.fancybox.min.js]
[themepure.net/template/educal/educal/assets/js/isotope.pkgd.min.js]
[themepure.net/template/educal/educal/assets/js/parallax.min.js]
[themepure.net/template/educal/educal/assets/js/backToTop.js]
[themepure.net/template/educal/educal/assets/js/jquery.counterup.min.js]
[themepure.net/template/educal/educal/assets/js/ajax-form.js]
[themepure.net/template/educal/educal/assets/js/wow.min.js]
[themepure.net/template/educal/educal/assets/js/imagesloaded.pkgd.min.js]
[themepure.net/template/educal/educal/assets/js/main.js]
[themepure.net/template/educal/educal/index.html]
[themepure.net/template/educal/educal/assets/css/preloader.css]
[themepure.net/template/educal/educal/assets/css/bootstrap.min.css]
[themepure.net/template/educal/educal/assets/css/meanmenu.css]
[themepure.net/template/educal/educal/assets/css/animate.min.css]
[themepure.net/template/educal/educal/assets/css/owl.video.play.png]
[themepure.net/template/educal/educal/assets/css/owl.carousel.min.css]
[themepure.net/template/educal/educal/assets/css/swiper-bundle.css]
[themepure.net/template/educal/educal/assets/css/backToTop.css]
[themepure.net/template/educal/educal/assets/css/jquery.fancybox.min.css]
[themepure.net/template/educal/educal/assets/fonts/fa-brands-400.eot]
[themepure.net/template/educal/educal/assets/fonts/fa-brands-400d41d.eot]
[themepure.net/template/educal/educal/assets/fonts/fa-brands-400.woff2]
[themepure.net/template/educal/educal/assets/fonts/fa-brands-400.woff]
[themepure.net/template/educal/educal/assets/fonts/fa-brands-400.ttf]
[themepure.net/template/educal/educal/assets/fonts/fa-brands-400.svg]
[themepure.net/template/educal/educal/assets/fonts/fa-duotone-900.eot]
[themepure.net/template/educal/educal/assets/fonts/fa-duotone-900d41d.eot]
[themepure.net/template/educal/educal/assets/fonts/fa-duotone-900.woff2]
[themepure.net/template/educal/educal/assets/fonts/fa-duotone-900.woff]
[themepure.net/template/educal/educal/assets/fonts/fa-duotone-900.ttf]
[themepure.net/template/educal/educal/assets/fonts/fa-duotone-900.svg]
[themepure.net/template/educal/educal/assets/fonts/fa-light-300.eot]
[themepure.net/template/educal/educal/assets/fonts/fa-light-300d41d.eot]
[themepure.net/template/educal/educal/assets/fonts/fa-light-300.woff2]
[themepure.net/template/educal/educal/assets/fonts/fa-light-300.woff]
[themepure.net/template/educal/educal/assets/fonts/fa-light-300.ttf]
[themepure.net/template/educal/educal/assets/fonts/fa-light-300.svg]
[themepure.net/template/educal/educal/assets/fonts/fa-regular-400.eot]
[themepure.net/template/educal/educal/assets/fonts/fa-regular-400d41d.eot]
[themepure.net/template/educal/educal/assets/fonts/fa-regular-400.woff2]
[themepure.net/template/educal/educal/assets/fonts/fa-regular-400.woff]
[themepure.net/template/educal/educal/assets/fonts/fa-regular-400.ttf]
[themepure.net/template/educal/educal/assets/fonts/fa-solid-900.eot]
[themepure.net/template/educal/educal/assets/fonts/fa-regular-400.svg]
[themepure.net/template/educal/educal/assets/fonts/fa-solid-900d41d.eot]
[themepure.net/template/educal/educal/assets/fonts/fa-solid-900.woff2]
[themepure.net/template/educal/educal/assets/fonts/fa-solid-900.woff]
[themepure.net/template/educal/educal/assets/fonts/fa-solid-900.ttf]
[themepure.net/template/educal/educal/assets/css/fontAwesome5Pro.css]
[themepure.net/template/educal/educal/assets/fonts/fa-solid-900.svg]
[themepure.net/template/educal/educal/assets/fonts/ElegantIcons.eot]
[themepure.net/template/educal/educal/assets/fonts/ElegantIconsd41d.eot]
[themepure.net/template/educal/educal/assets/fonts/ElegantIcons.woff]
[themepure.net/template/educal/educal/assets/fonts/ElegantIcons.ttf]
[themepure.net/template/educal/educal/assets/css/elegantFont.css]
[themepure.net/template/educal/educal/assets/css/default.css]
[themepure.net/template/educal/educal/assets/css/style.css]
[themepure.net/template/educal/educal/assets/fonts/ElegantIcons.svg]
[themepure.net/template/educal/educal/assets/img/page-title/page-title.jpg]
[themepure.net/template/educal/educal/assets/img/course/course-7.jpg]
[themepure.net/template/educal/educal/assets/img/course/teacher/teacher-7.jpg]
[themepure.net/template/educal/educal/assets/img/course/course-8.jpg]
[themepure.net/template/educal/educal/assets/img/course/teacher/teacher-8.jpg]
[themepure.net/template/educal/educal/assets/img/course/course-9.jpg]
[themepure.net/template/educal/educal/assets/img/course/teacher/teacher-9.jpg]
[themepure.net/template/educal/educal/assets/img/course/list/course-1.jpg]
[themepure.net/template/educal/educal/assets/img/course/list/course-2.jpg]
[themepure.net/template/educal/educal/assets/img/course/list/course-3.jpg]
[themepure.net/template/educal/educal/assets/img/course/list/course-4.jpg]
[themepure.net/template/educal/educal/assets/img/course/list/course-5.jpg]
[themepure.net/template/educal/educal/assets/img/course/list/course-6.jpg]
[themepure.net/template/educal/educal/course-grid.html]
[themepure.net/template/educal/educal/assets/img/page-title/page-title-shape-1.png]
[themepure.net/template/educal/educal/assets/img/page-title/page-title-shape-6.png]
[themepure.net/template/educal/educal/assets/img/page-title/page-title-shape-4.png]
[themepure.net/template/educal/educal/assets/img/course/details/course-details-1.jpg]
[themepure.net/template/educal/educal/assets/img/course/comment/course-comment-1.jpg]
[themepure.net/template/educal/educal/assets/img/course/comment/course-comment-2.jpg]
[themepure.net/template/educal/educal/assets/img/course/instructor/course-instructor-1.jpg]
[themepure.net/template/educal/educal/assets/img/course/instructor/course-instructor-2.jpg]
[themepure.net/template/educal/educal/assets/img/course/instructor/course-instructor-3.jpg]
[themepure.net/template/educal/educal/assets/img/course/course-dot.png]
[themepure.net/template/educal/educal/assets/img/course/video/course-video.jpg]
[themepure.net/template/educal/educal/assets/img/course/payment/payment-1.png]
[themepure.net/template/educal/educal/assets/img/course/sm/course-sm-1.jpg]
[themepure.net/template/educal/educal/assets/img/course/sm/course-sm-2.jpg]
[themepure.net/template/educal/educal/assets/img/course/sm/course-sm-3.jpg]
[themepure.net/template/educal/educal/course-details.html]
[themepure.net/template/educal/educal/assets/img/hero/hero-2/hero.png]
[themepure.net/template/educal/educal/assets/img/hero/hero-2/hero-shape-purple.png]
[themepure.net/template/educal/educal/assets/img/hero/hero-2/hero-sm.jpg]
[themepure.net/template/educal/educal/assets/img/about/about.jpg]
[themepure.net/template/educal/educal/assets/img/about/about-banner.jpg]
[themepure.net/template/educal/educal/assets/img/about/student-4.jpg]
[themepure.net/template/educal/educal/assets/img/about/student-3.jpg]
[themepure.net/template/educal/educal/assets/img/about/student-2.jpg]
[themepure.net/template/educal/educal/assets/img/about/student-1.jpg]
[themepure.net/template/educal/educal/assets/img/what/what-1.jpg]
[themepure.net/template/educal/educal/assets/img/what/what-2.jpg]
[themepure.net/template/educal/educal/assets/img/why/why.png]
[themepure.net/template/educal/educal/assets/img/why/why-shape-green.png]
[themepure.net/template/educal/educal/assets/img/why/why-shape-pink.png]
[themepure.net/template/educal/educal/assets/img/why/why-shape-dot.png]
[themepure.net/template/educal/educal/assets/img/why/why-shape-line.png]
[themepure.net/template/educal/educal/assets/img/testimonial/testimonial-bg.jpg]
[themepure.net/template/educal/educal/assets/img/testimonial/testi-1.jpg]
[themepure.net/template/educal/educal/assets/img/blog/blog-1.jpg]
[themepure.net/template/educal/educal/assets/img/blog/author/author-1.jpg]
[themepure.net/template/educal/educal/assets/img/blog/blog-2.jpg]
[themepure.net/template/educal/educal/assets/img/blog/author/author-2.jpg]
[themepure.net/template/educal/educal/assets/img/blog/blog-3.jpg]
[themepure.net/template/educal/educal/assets/img/blog/author/author-3.jpg]
[themepure.net/template/educal/educal/index-2.html]
[themepure.net/template/educal/educal/shop.html]
[themepure.net/template/educal/educal/assets/img/slider/slider-4.jpg]
[themepure.net/template/educal/educal/assets/img/slider/slider-1.jpg]
[themepure.net/template/educal/educal/assets/img/slider/slider-2.jpg]
[themepure.net/template/educal/educal/assets/img/slider/slider-3.jpg]
[themepure.net/template/educal/educal/assets/img/slider/nav/slider-nav-4.jpg]
[themepure.net/template/educal/educal/assets/img/slider/nav/slider-nav-1.jpg]
[themepure.net/template/educal/educal/assets/img/slider/nav/slider-nav-2.jpg]
[themepure.net/template/educal/educal/assets/img/slider/nav/slider-nav-3.jpg]
[themepure.net/template/educal/educal/assets/img/brand/brand-1.png]
[themepure.net/template/educal/educal/assets/img/brand/brand-2.png]
[themepure.net/template/educal/educal/assets/img/brand/brand-3.png]
[themepure.net/template/educal/educal/assets/img/brand/brand-4.png]
[themepure.net/template/educal/educal/assets/img/brand/brand-5.png]
[themepure.net/template/educal/educal/assets/img/brand/brand-6.png]
[themepure.net/template/educal/educal/assets/img/course/home-3/course-1.jpg]
[themepure.net/template/educal/educal/assets/img/course/teacher/home-3/teacher-1.jpg]
[themepure.net/template/educal/educal/assets/img/course/home-3/course-2.jpg]
[themepure.net/template/educal/educal/assets/img/course/teacher/home-3/teacher-2.jpg]
[themepure.net/template/educal/educal/assets/img/teacher/teacger-1.jpg]
[themepure.net/template/educal/educal/assets/img/teacher/teacher-2.jpg]
[themepure.net/template/educal/educal/assets/img/teacher/teacher-3.jpg]
[themepure.net/template/educal/educal/assets/img/cta/cta-shape-1.png]
[themepure.net/template/educal/educal/assets/img/cta/cta-shape-2.png]
[themepure.net/template/educal/educal/assets/img/testimonial/home-3/testimonial-bg-3.jpg]
[themepure.net/template/educal/educal/assets/img/testimonial/home-3/testi-1.jpg]
[themepure.net/template/educal/educal/assets/img/testimonial/home-3/testi-2.jpg]
[themepure.net/template/educal/educal/assets/img/testimonial/home-3/testi-3.jpg]
[themepure.net/template/educal/educal/index-3.html]
[themepure.net/template/educal/educal/course-list.html]
[themepure.net/template/educal/educal/product.html]
[themepure.net/template/educal/educal/course-sidebar.html]
[themepure.net/template/educal/educal/assets/img/page-title/page-title-2.jpg]
[themepure.net/template/educal/educal/assets/img/blog/blog-4.jpg]
[themepure.net/template/educal/educal/assets/img/blog/blog-5.jpg]
[themepure.net/template/educal/educal/assets/img/blog/blog-6.jpg]
[themepure.net/template/educal/educal/assets/img/blog/sm/blog-sm-1.jpg]
[themepure.net/template/educal/educal/assets/img/blog/sm/blog-sm-2.jpg]
[themepure.net/template/educal/educal/assets/img/blog/sm/blog-sm-3.jpg]
[themepure.net/template/educal/educal/assets/img/blog/banner/banner-1.jpg]
[themepure.net/template/educal/educal/blog.html]
[themepure.net/template/educal/educal/assets/img/page-title/page-title-3.jpg]
[themepure.net/template/educal/educal/assets/img/page-title/page-title-shape-2.png]
[themepure.net/template/educal/educal/assets/img/page-title/page-title-shape-3.png]
[themepure.net/template/educal/educal/assets/img/blog/quote-1.png]
[themepure.net/template/educal/educal/assets/img/blog/big/blog-big-1.jpg]
[themepure.net/template/educal/educal/assets/img/blog/author/blog-author-1.jpg]
[themepure.net/template/educal/educal/assets/img/shape/yellow-bg-4.png]
[themepure.net/template/educal/educal/assets/img/blog/comments/comment-1.jpg]
[themepure.net/template/educal/educal/assets/img/blog/comments/comment-3.jpg]
[themepure.net/template/educal/educal/blog-details.html]
[themepure.net/template/educal/educal/about.html]
[themepure.net/template/educal/educal/assets/img/teacher/teacher-5.jpg]
[themepure.net/template/educal/educal/assets/img/teacher/teacher-4.jpg]
[themepure.net/template/educal/educal/assets/img/teacher/teacher-6.jpg]
[themepure.net/template/educal/educal/instructor.html]
[themepure.net/template/educal/educal/assets/img/teacher/details/teacer-details-1.jpg]
[themepure.net/template/educal/educal/assets/img/teacher/details/shape/shape-1.png]
[themepure.net/template/educal/educal/assets/img/teacher/details/shape/shape-2.png]
[themepure.net/template/educal/educal/instructor-details.html]
[themepure.net/template/educal/educal/assets/img/page-title/page-title-shape-5.png]
[themepure.net/template/educal/educal/assets/img/events/event-1.jpg]
[themepure.net/template/educal/educal/assets/img/events/event-shape-2.png]
[themepure.net/template/educal/educal/assets/img/events/event-shape-3.png]
[themepure.net/template/educal/educal/assets/img/events/sponsor-logo.png]
[themepure.net/template/educal/educal/event-details.html]
[themepure.net/template/educal/educal/cart.html]
[themepure.net/template/educal/educal/wishlist.html]
[themepure.net/template/educal/educal/checkout.html]
[themepure.net/cdn-cgi/scripts/5c5dd728/cloudflare-static/email-decode.min.js]
[themepure.net/template/educal/educal/assets/img/icon/sign/man-1.png]
[themepure.net/template/educal/educal/assets/img/icon/sign/man-2.png]
[themepure.net/template/educal/educal/assets/img/icon/sign/circle.png]
[themepure.net/template/educal/educal/assets/img/icon/sign/zigzag.png]
[themepure.net/template/educal/educal/assets/img/icon/sign/dot.png]
[themepure.net/template/educal/educal/assets/img/icon/sign/sign-up.png]
[themepure.net/template/educal/educal/sign-in.html]
[themepure.net/template/educal/educal/assets/img/icon/sign/man-3.png]
[themepure.net/template/educal/educal/assets/img/icon/sign/flower.png]
[themepure.net/template/educal/educal/sign-up.html]
[themepure.net/template/educal/educal/assets/img/error/error.png]
[themepure.net/template/educal/educal/error.html]
[themepure.net/template/educal/educal/assets/img/contact/contact-shape-1.png]
[themepure.net/template/educal/educal/assets/img/contact/contact-shape-2.png]
[themepure.net/template/educal/educal/assets/img/contact/contact-shape-3.png]
[themepure.net/template/educal/educal/assets/img/contact/contact-shape-5.png]
[themepure.net/template/educal/educal/assets/img/contact/contact-shape-4.png]
[themepure.net/template/educal/educal/contact.html]
[themepure.net/template/educal/educal/assets/css/owl.video.play.html]
[themepure.net/template/educal/educal/assets/fonts/fa-brands-400.svg]
[themepure.net/template/educal/educal/assets/fonts/fa-duotone-900.svg]
[themepure.net/template/educal/educal/assets/fonts/fa-light-300.svg]
[themepure.net/template/educal/educal/assets/fonts/fa-regular-400.svg]
[themepure.net/template/educal/educal/assets/fonts/fa-solid-900.svg]
[themepure.net/template/educal/educal/assets/fonts/ElegantIcons.svg]
[themepure.net/template/educal/educal/shop.html]
[themepure.net/template/educal/educal/product.html]
